// Jest Snapshot v1, https://goo.gl/fbAQLP

exports[`NewNorth display NewNorth page based on config 1`] = `
<div>
  <button
    class="inline-button autosize oi-north-button btn btn-outline-secondary btn-sm"
    id="add-north"
  >
    + North
  </button>
</div>
`;
